
> elsalam-website@1.0.0 build
> next build

▲ Next.js 16.1.6 (Turbopack)
- Environments: .env.local

  Creating an optimized production build ...
✓ Compiled successfully in 4.4s
  Running TypeScript ...
  Collecting page data using 7 workers ...
  Generating static pages using 7 workers (0/14) ...
  Generating static pages using 7 workers (3/14) 
  Generating static pages using 7 workers (6/14) 
  Generating static pages using 7 workers (10/14) 
✓ Generating static pages using 7 workers (14/14) in 538.2ms
  Finalizing page optimization ...

Route (app)
┌ ○ /
├ ○ /_not-found
├ ○ /about
├ ○ /b2b
├ ○ /b2b/quote
├ ○ /contact
├ ○ /export
├ ○ /media
├ ƒ /media/[slug]
├ ○ /production
├ ○ /products
├ ƒ /products/[slug]
├ ○ /quality
├ ○ /robots.txt
└ ○ /sitemap.xml


○  (Static)   prerendered as static content
ƒ  (Dynamic)  server-rendered on demand

